2025-06-26T19:15:13.620Z [info]: Opened login page
2025-06-26T19:15:13.936Z [info]: Entered username: testuser
2025-06-26T19:15:14.161Z [info]: Entered password
2025-06-26T19:15:14.245Z [info]: Cleared username field
2025-06-26T19:15:14.316Z [info]: Cleared password field
2025-06-26T19:15:14.317Z [info]: Cleared both input fields
2025-06-26T19:15:14.651Z [info]: Clicked login button
2025-06-26T19:15:14.868Z [info]: Error message: Epic sadface: Username and password do not match any user in this service
2025-06-26T19:15:15.076Z [info]: Opened login page
2025-06-26T19:15:15.243Z [info]: Entered username: testuser
2025-06-26T19:15:15.413Z [info]: Entered password
2025-06-26T19:15:15.512Z [info]: Cleared password field
2025-06-26T19:15:15.633Z [info]: Clicked login button
2025-06-26T19:15:15.697Z [info]: Error message: Epic sadface: Username and password do not match any user in this service
2025-06-26T19:15:15.778Z [info]: Opened login page
2025-06-26T19:15:16.128Z [info]: Entered username: standard_user
2025-06-26T19:15:16.290Z [info]: Entered password
2025-06-26T19:15:16.491Z [info]: Clicked login button
2025-06-26T19:15:17.675Z [info]: Opened login page
2025-06-26T19:15:17.914Z [info]: Entered username: problem_user
2025-06-26T19:15:18.364Z [info]: Entered password
2025-06-26T19:15:18.592Z [info]: Clicked login button
2025-06-26T19:15:20.025Z [info]: Opened login page
2025-06-26T19:15:20.426Z [info]: Entered username: performance_glitch_user
2025-06-26T19:15:20.774Z [info]: Entered password
2025-06-26T19:15:26.239Z [info]: Clicked login button
2025-06-26T19:25:03.375Z [info]: Opened login page
2025-06-26T19:25:03.831Z [info]: Entered username: testuser
2025-06-26T19:25:04.017Z [info]: Entered password
2025-06-26T19:25:04.079Z [info]: Cleared username field
2025-06-26T19:25:04.172Z [info]: Cleared password field
2025-06-26T19:25:04.172Z [info]: Cleared both input fields
2025-06-26T19:25:04.378Z [info]: Clicked login button
2025-06-26T19:25:04.606Z [info]: Error message: Epic sadface: Username and password do not match any user in this service
2025-06-26T19:25:04.880Z [info]: Opened login page
2025-06-26T19:25:05.214Z [info]: Entered username: testuser
2025-06-26T19:25:05.411Z [info]: Entered password
2025-06-26T19:25:05.481Z [info]: Cleared password field
2025-06-26T19:25:05.717Z [info]: Clicked login button
2025-06-26T19:25:05.811Z [info]: Error message: Epic sadface: Username and password do not match any user in this service
2025-06-26T19:25:05.932Z [info]: Opened login page
2025-06-26T19:25:06.126Z [info]: Entered username: standard_user
2025-06-26T19:25:06.292Z [info]: Entered password
2025-06-26T19:25:06.566Z [info]: Clicked login button
2025-06-26T19:25:07.666Z [info]: Opened login page
2025-06-26T19:25:07.806Z [info]: Entered username: problem_user
2025-06-26T19:25:07.931Z [info]: Entered password
2025-06-26T19:25:08.043Z [info]: Clicked login button
2025-06-26T19:25:09.154Z [info]: Opened login page
2025-06-26T19:25:09.292Z [info]: Entered username: performance_glitch_user
2025-06-26T19:25:09.397Z [info]: Entered password
2025-06-26T19:25:14.488Z [info]: Clicked login button
2025-06-26T19:26:35.682Z [info]: Opened login page
2025-06-26T19:26:36.002Z [info]: Entered username: testuser
2025-06-26T19:26:36.172Z [info]: Entered password
2025-06-26T19:26:36.245Z [info]: Cleared username field
2025-06-26T19:26:36.312Z [info]: Cleared password field
2025-06-26T19:26:36.313Z [info]: Cleared both input fields
2025-06-26T19:26:36.478Z [info]: Clicked login button
2025-06-26T19:26:36.664Z [info]: Error message: Epic sadface: Username and password do not match any user in this service
2025-06-26T19:26:36.801Z [info]: Opened login page
2025-06-26T19:26:37.067Z [info]: Entered username: testuser
2025-06-26T19:26:37.233Z [info]: Entered password
2025-06-26T19:26:37.304Z [info]: Cleared password field
2025-06-26T19:26:37.418Z [info]: Clicked login button
2025-06-26T19:26:37.673Z [info]: Error message: Epic sadface: Username and password do not match any user in this service
2025-06-26T19:26:37.778Z [info]: Opened login page
2025-06-26T19:26:38.020Z [info]: Entered username: standard_user
2025-06-26T19:26:38.170Z [info]: Entered password
2025-06-26T19:26:38.341Z [info]: Clicked login button
2025-06-26T19:26:39.454Z [info]: Opened login page
2025-06-26T19:26:39.612Z [info]: Entered username: problem_user
2025-06-26T19:26:39.742Z [info]: Entered password
2025-06-26T19:26:39.823Z [info]: Clicked login button
2025-06-26T19:26:40.917Z [info]: Opened login page
2025-06-26T19:26:41.052Z [info]: Entered username: performance_glitch_user
2025-06-26T19:26:41.162Z [info]: Entered password
2025-06-26T19:26:46.249Z [info]: Clicked login button
2025-06-26T19:31:49.258Z [info]: Opened login page
2025-06-26T19:31:49.286Z [info]: Opened login page
2025-06-26T19:31:49.556Z [info]: Entered username: testuser
2025-06-26T19:31:49.961Z [info]: Entered password
2025-06-26T19:31:49.999Z [info]: Entered username: testuser
2025-06-26T19:31:50.042Z [info]: Cleared username field
2025-06-26T19:31:50.126Z [info]: Cleared password field
2025-06-26T19:31:50.127Z [info]: Cleared both input fields
2025-06-26T19:31:50.333Z [info]: Clicked login button
2025-06-26T19:31:50.336Z [info]: Entered password
2025-06-26T19:31:50.520Z [info]: Error message: Epic sadface: Username and password do not match any user in this service
2025-06-26T19:31:50.521Z [info]: Cleared username field
2025-06-26T19:31:50.624Z [info]: Cleared password field
2025-06-26T19:31:50.625Z [info]: Cleared both input fields
2025-06-26T19:31:50.647Z [info]: Opened login page
2025-06-26T19:31:50.799Z [info]: Clicked login button
2025-06-26T19:31:50.844Z [info]: Entered username: testuser
2025-06-26T19:31:50.966Z [info]: Error message: Epic sadface: Username and password do not match any user in this service
2025-06-26T19:31:51.046Z [info]: Entered password
2025-06-26T19:31:51.100Z [info]: Opened login page
2025-06-26T19:31:51.128Z [info]: Cleared password field
2025-06-26T19:31:51.280Z [info]: Clicked login button
2025-06-26T19:31:51.342Z [info]: Entered username: testuser
2025-06-26T19:31:51.413Z [info]: Error message: Epic sadface: Username and password do not match any user in this service
2025-06-26T19:31:51.574Z [info]: Opened login page
2025-06-26T19:31:51.644Z [info]: Entered password
2025-06-26T19:31:51.728Z [info]: Cleared password field
2025-06-26T19:31:51.865Z [info]: Entered username: standard_user
2025-06-26T19:31:51.982Z [info]: Clicked login button
2025-06-26T19:31:52.135Z [info]: Entered password
2025-06-26T19:31:52.160Z [info]: Error message: Epic sadface: Username and password do not match any user in this service
2025-06-26T19:31:52.349Z [info]: Opened login page
2025-06-26T19:31:52.513Z [info]: Clicked login button
2025-06-26T19:31:52.761Z [info]: Entered username: standard_user
2025-06-26T19:31:53.070Z [info]: Entered password
2025-06-26T19:31:53.348Z [info]: Clicked login button
2025-06-26T19:31:53.797Z [info]: Opened login page
2025-06-26T19:31:54.026Z [info]: Entered username: problem_user
2025-06-26T19:31:54.271Z [info]: Entered password
2025-06-26T19:31:54.510Z [info]: Opened login page
2025-06-26T19:31:54.562Z [info]: Clicked login button
2025-06-26T19:31:54.755Z [info]: Entered username: problem_user
2025-06-26T19:31:54.907Z [info]: Entered password
2025-06-26T19:31:55.051Z [info]: Clicked login button
2025-06-26T19:31:55.844Z [info]: Opened login page
2025-06-26T19:31:56.028Z [info]: Entered username: performance_glitch_user
2025-06-26T19:31:56.211Z [info]: Entered password
2025-06-26T19:32:01.444Z [info]: Clicked login button
2025-06-26T19:35:08.183Z [info]: Opened login page
2025-06-26T19:35:08.666Z [info]: Opened login page
2025-06-26T19:35:09.487Z [info]: Entered username: testuser
2025-06-26T19:35:09.874Z [info]: Entered username: testuser
2025-06-26T19:35:10.341Z [info]: Entered password
2025-06-26T19:35:10.457Z [info]: Cleared username field
2025-06-26T19:35:10.473Z [info]: Entered password
2025-06-26T19:35:10.566Z [info]: Cleared password field
2025-06-26T19:35:10.567Z [info]: Cleared both input fields
2025-06-26T19:35:10.584Z [info]: Cleared username field
2025-06-26T19:35:10.684Z [info]: Cleared password field
2025-06-26T19:35:10.685Z [info]: Cleared both input fields
2025-06-26T19:35:10.815Z [info]: Clicked login button
2025-06-26T19:35:10.911Z [info]: Clicked login button
2025-06-26T19:35:11.007Z [info]: Error message: Epic sadface: Username and password do not match any user in this service
2025-06-26T19:35:11.226Z [info]: Opened login page
2025-06-26T19:35:11.272Z [info]: Error message: Epic sadface: Username and password do not match any user in this service
2025-06-26T19:35:11.492Z [info]: Opened login page
2025-06-26T19:35:11.629Z [info]: Entered username: testuser
2025-06-26T19:35:11.752Z [info]: Entered username: testuser
2025-06-26T19:35:11.866Z [info]: Entered password
2025-06-26T19:35:11.943Z [info]: Cleared password field
2025-06-26T19:35:11.969Z [info]: Entered password
2025-06-26T19:35:12.048Z [info]: Cleared password field
2025-06-26T19:35:12.113Z [info]: Clicked login button
2025-06-26T19:35:12.211Z [info]: Clicked login button
2025-06-26T19:35:12.236Z [info]: Error message: Epic sadface: Username and password do not match any user in this service
2025-06-26T19:35:12.347Z [info]: Opened login page
2025-06-26T19:35:12.387Z [info]: Error message: Epic sadface: Username and password do not match any user in this service
2025-06-26T19:35:12.548Z [info]: Opened login page
2025-06-26T19:35:12.813Z [info]: Entered username: standard_user
2025-06-26T19:35:12.845Z [info]: Entered username: standard_user
2025-06-26T19:35:13.114Z [info]: Entered password
2025-06-26T19:35:13.163Z [info]: Entered password
2025-06-26T19:35:13.479Z [info]: Clicked login button
2025-06-26T19:35:13.515Z [info]: Clicked login button
2025-06-26T19:35:13.722Z [info]: Opened login page
2025-06-26T19:35:13.746Z [info]: Opened login page
2025-06-26T19:35:14.032Z [info]: Entered username: problem_user
2025-06-26T19:35:14.066Z [info]: Entered username: problem_user
2025-06-26T19:35:14.330Z [info]: Entered password
2025-06-26T19:35:14.426Z [info]: Entered password
2025-06-26T19:35:14.574Z [info]: Clicked login button
2025-06-26T19:35:14.756Z [info]: Clicked login button
2025-06-26T19:35:14.760Z [info]: Opened login page
2025-06-26T19:35:14.894Z [info]: Opened login page
2025-06-26T19:35:15.119Z [info]: Entered username: performance_glitch_user
2025-06-26T19:35:15.234Z [info]: Entered username: performance_glitch_user
2025-06-26T19:35:15.344Z [info]: Entered password
2025-06-26T19:35:15.413Z [info]: Entered password
2025-06-26T19:35:15.563Z [info]: Clicked login button
2025-06-26T19:35:20.524Z [info]: Clicked login button
2025-06-26T19:36:11.967Z [info]: Opened login page
2025-06-26T19:36:12.879Z [info]: Entered username: testuser
2025-06-26T19:36:12.950Z [info]: Opened login page
2025-06-26T19:36:13.394Z [info]: Entered password
2025-06-26T19:36:13.541Z [info]: Cleared username field
2025-06-26T19:36:13.637Z [info]: Entered username: testuser
2025-06-26T19:36:13.637Z [info]: Cleared password field
2025-06-26T19:36:13.638Z [info]: Cleared both input fields
2025-06-26T19:36:13.940Z [info]: Entered password
2025-06-26T19:36:13.964Z [info]: Clicked login button
2025-06-26T19:36:14.040Z [info]: Cleared username field
2025-06-26T19:36:14.143Z [info]: Cleared password field
2025-06-26T19:36:14.143Z [info]: Cleared both input fields
2025-06-26T19:36:14.215Z [info]: Error message: Epic sadface: Username and password do not match any user in this service
2025-06-26T19:36:14.409Z [info]: Opened login page
2025-06-26T19:36:14.418Z [info]: Clicked login button
2025-06-26T19:36:14.677Z [info]: Error message: Epic sadface: Username and password do not match any user in this service
2025-06-26T19:36:14.749Z [info]: Entered username: testuser
2025-06-26T19:36:14.833Z [info]: Opened login page
2025-06-26T19:36:14.980Z [info]: Entered password
2025-06-26T19:36:15.059Z [info]: Entered username: testuser
2025-06-26T19:36:15.103Z [info]: Cleared password field
2025-06-26T19:36:15.267Z [info]: Entered password
2025-06-26T19:36:15.302Z [info]: Clicked login button
2025-06-26T19:36:15.351Z [info]: Cleared password field
2025-06-26T19:36:15.429Z [info]: Error message: Epic sadface: Username and password do not match any user in this service
2025-06-26T19:36:15.540Z [info]: Opened login page
2025-06-26T19:36:15.572Z [info]: Clicked login button
2025-06-26T19:36:15.692Z [info]: Error message: Epic sadface: Username and password do not match any user in this service
2025-06-26T19:36:15.831Z [info]: Opened login page
2025-06-26T19:36:16.004Z [info]: Entered username: standard_user
2025-06-26T19:36:16.141Z [info]: Entered username: standard_user
2025-06-26T19:36:16.295Z [info]: Entered password
2025-06-26T19:36:16.362Z [info]: Entered password
2025-06-26T19:36:16.728Z [info]: Clicked login button
2025-06-26T19:36:16.758Z [info]: Clicked login button
2025-06-26T19:36:17.900Z [info]: Opened login page
2025-06-26T19:36:17.996Z [info]: Opened login page
2025-06-26T19:36:18.165Z [info]: Entered username: problem_user
2025-06-26T19:36:18.255Z [info]: Entered username: problem_user
2025-06-26T19:36:18.372Z [info]: Entered password
2025-06-26T19:36:18.484Z [info]: Entered password
2025-06-26T19:36:18.540Z [info]: Clicked login button
2025-06-26T19:36:18.677Z [info]: Clicked login button
2025-06-26T19:36:19.639Z [info]: Opened login page
2025-06-26T19:36:19.814Z [info]: Entered username: performance_glitch_user
2025-06-26T19:36:19.814Z [info]: Opened login page
2025-06-26T19:36:19.991Z [info]: Entered password
2025-06-26T19:36:20.033Z [info]: Entered username: performance_glitch_user
2025-06-26T19:36:20.189Z [info]: Entered password
2025-06-26T19:36:20.303Z [info]: Clicked login button
2025-06-26T19:36:25.154Z [info]: Clicked login button
2025-06-26T19:40:23.472Z [info]: Opened login page
2025-06-26T19:40:23.704Z [info]: Entered username: testuser
2025-06-26T19:40:23.909Z [info]: Entered password
2025-06-26T19:40:23.974Z [info]: Opened login page
2025-06-26T19:40:23.981Z [info]: Cleared username field
2025-06-26T19:40:24.040Z [info]: Cleared password field
2025-06-26T19:40:24.040Z [info]: Cleared both input fields
2025-06-26T19:40:24.276Z [info]: Entered username: testuser
2025-06-26T19:40:24.472Z [info]: Entered password
2025-06-26T19:40:24.532Z [info]: Cleared username field
2025-06-26T19:40:24.624Z [info]: Cleared password field
2025-06-26T19:40:24.624Z [info]: Cleared both input fields
2025-06-26T19:40:24.714Z [info]: Clicked login button
2025-06-26T19:40:24.786Z [info]: Clicked login button
2025-06-26T19:40:24.850Z [info]: Error message: Epic sadface: Username and password do not match any user in this service
2025-06-26T19:40:24.950Z [info]: Error message: Epic sadface: Username and password do not match any user in this service
2025-06-26T19:40:25.060Z [info]: Opened login page
2025-06-26T19:40:25.099Z [info]: Opened login page
2025-06-26T19:40:25.313Z [info]: Entered username: testuser
2025-06-26T19:40:25.391Z [info]: Entered username: testuser
2025-06-26T19:40:25.573Z [info]: Entered password
2025-06-26T19:40:25.594Z [info]: Entered password
2025-06-26T19:40:25.640Z [info]: Cleared password field
2025-06-26T19:40:25.659Z [info]: Cleared password field
2025-06-26T19:40:25.861Z [info]: Clicked login button
2025-06-26T19:40:25.864Z [info]: Clicked login button
2025-06-26T19:40:25.951Z [info]: Error message: Epic sadface: Username and password do not match any user in this service
2025-06-26T19:40:25.952Z [info]: Error message: Epic sadface: Username and password do not match any user in this service
2025-06-26T19:40:26.048Z [info]: Opened login page
2025-06-26T19:40:26.084Z [info]: Opened login page
2025-06-26T19:40:26.301Z [info]: Entered username: standard_user
2025-06-26T19:40:26.312Z [info]: Entered username: standard_user
2025-06-26T19:40:26.448Z [info]: Entered password
2025-06-26T19:40:26.473Z [info]: Entered password
2025-06-26T19:40:26.675Z [info]: Clicked login button
2025-06-26T19:40:26.690Z [info]: Clicked login button
2025-06-26T19:40:26.864Z [info]: Opened login page
2025-06-26T19:40:26.873Z [info]: Opened login page
2025-06-26T19:40:27.035Z [info]: Entered username: problem_user
2025-06-26T19:40:27.050Z [info]: Entered username: problem_user
2025-06-26T19:40:27.182Z [info]: Entered password
2025-06-26T19:40:27.183Z [info]: Entered password
2025-06-26T19:40:27.258Z [info]: Clicked login button
2025-06-26T19:40:27.289Z [info]: Clicked login button
2025-06-26T19:40:27.407Z [info]: Opened login page
2025-06-26T19:40:27.552Z [info]: Entered username: performance_glitch_user
2025-06-26T19:40:27.670Z [info]: Entered password
2025-06-26T19:40:32.767Z [info]: Clicked login button
2025-06-26T19:45:58.659Z [info]: Opened login page
2025-06-26T19:45:58.857Z [info]: Entered username: testuser
2025-06-26T19:45:59.034Z [info]: Entered password
2025-06-26T19:45:59.108Z [info]: Cleared username field
2025-06-26T19:45:59.217Z [info]: Opened login page
2025-06-26T19:45:59.261Z [info]: Cleared password field
2025-06-26T19:45:59.261Z [info]: Cleared both input fields
2025-06-26T19:45:59.537Z [info]: Entered username: testuser
2025-06-26T19:45:59.587Z [info]: Clicked login button
2025-06-26T19:45:59.821Z [info]: Error message: Epic sadface: Username and password do not match any user in this service
2025-06-26T19:45:59.855Z [info]: Entered password
2025-06-26T19:45:59.958Z [info]: Cleared username field
2025-06-26T19:46:00.061Z [info]: Cleared password field
2025-06-26T19:46:00.062Z [info]: Cleared both input fields
2025-06-26T19:46:00.080Z [info]: Opened login page
2025-06-26T19:46:00.214Z [info]: Clicked login button
2025-06-26T19:46:00.329Z [info]: Error message: Epic sadface: Username and password do not match any user in this service
2025-06-26T19:46:00.445Z [info]: Entered username: testuser
2025-06-26T19:46:00.481Z [info]: Opened login page
2025-06-26T19:46:00.676Z [info]: Entered username: testuser
2025-06-26T19:46:00.695Z [info]: Entered password
2025-06-26T19:46:00.778Z [info]: Cleared password field
2025-06-26T19:46:00.839Z [info]: Entered password
2025-06-26T19:46:00.890Z [info]: Cleared password field
2025-06-26T19:46:00.905Z [info]: Clicked login button
2025-06-26T19:46:00.986Z [info]: Error message: Epic sadface: Username and password do not match any user in this service
2025-06-26T19:46:00.996Z [info]: Clicked login button
2025-06-26T19:46:01.093Z [info]: Opened login page
2025-06-26T19:46:01.103Z [info]: Error message: Epic sadface: Username and password do not match any user in this service
2025-06-26T19:46:01.200Z [info]: Opened login page
2025-06-26T19:46:01.280Z [info]: Entered username: standard_user
2025-06-26T19:46:01.361Z [info]: Entered username: standard_user
2025-06-26T19:46:01.510Z [info]: Entered password
2025-06-26T19:46:01.563Z [info]: Entered password
2025-06-26T19:46:01.745Z [info]: Clicked login button
2025-06-26T19:46:01.745Z [info]: Login attempt with username: standard_user
2025-06-26T19:46:01.769Z [info]: Clicked login button
2025-06-26T19:46:01.769Z [info]: Login attempt with username: standard_user
2025-06-26T19:46:02.423Z [info]: User has been logged out.
2025-06-26T19:46:02.479Z [info]: User has been logged out.
2025-06-26T19:46:02.522Z [info]: Opened login page
2025-06-26T19:46:02.566Z [info]: Opened login page
2025-06-26T19:46:02.675Z [info]: Entered username: problem_user
2025-06-26T19:46:02.702Z [info]: Entered username: problem_user
2025-06-26T19:46:02.789Z [info]: Entered password
2025-06-26T19:46:02.809Z [info]: Entered password
2025-06-26T19:46:02.883Z [info]: Clicked login button
2025-06-26T19:46:02.884Z [info]: Login attempt with username: problem_user
2025-06-26T19:46:02.924Z [info]: Clicked login button
2025-06-26T19:46:02.924Z [info]: Login attempt with username: problem_user
2025-06-26T19:46:03.558Z [info]: User has been logged out.
2025-06-26T19:46:03.634Z [info]: Opened login page
2025-06-26T19:46:03.802Z [info]: Entered username: performance_glitch_user
2025-06-26T19:46:03.908Z [info]: Entered password
2025-06-26T19:46:08.281Z [warn]: Could not perform logout during cleanup: element ("#logout_sidebar_link") still not clickable after 5000ms
2025-06-26T19:46:08.623Z [info]: Opened login page
2025-06-26T19:46:08.824Z [info]: Entered username: performance_glitch_user
2025-06-26T19:46:08.955Z [info]: Entered password
2025-06-26T19:46:09.013Z [info]: Clicked login button
2025-06-26T19:46:09.013Z [info]: Login attempt with username: performance_glitch_user
2025-06-26T19:46:09.242Z [info]: Clicked login button
2025-06-26T19:46:09.243Z [info]: Login attempt with username: performance_glitch_user
2025-06-26T19:46:09.991Z [info]: User has been logged out.
2025-06-26T19:49:43.706Z [info]: Opened login page
2025-06-26T19:49:44.087Z [info]: Entered username: testuser
2025-06-26T19:49:44.212Z [info]: Opened login page
2025-06-26T19:49:44.410Z [info]: Entered password
2025-06-26T19:49:44.488Z [info]: Cleared username field
2025-06-26T19:49:44.508Z [info]: Entered username: testuser
2025-06-26T19:49:44.558Z [info]: Cleared password field
2025-06-26T19:49:44.559Z [info]: Cleared both input fields
2025-06-26T19:49:44.693Z [info]: Entered password
2025-06-26T19:49:44.753Z [info]: Cleared username field
2025-06-26T19:49:44.867Z [info]: Cleared password field
2025-06-26T19:49:44.868Z [info]: Cleared both input fields
2025-06-26T19:49:44.979Z [info]: Clicked login button
2025-06-26T19:49:45.066Z [info]: Clicked login button
2025-06-26T19:49:45.114Z [info]: Error message: Epic sadface: Username and password do not match any user in this service
2025-06-26T19:49:45.222Z [info]: Error message: Epic sadface: Username and password do not match any user in this service
2025-06-26T19:49:45.289Z [info]: Opened login page
2025-06-26T19:49:45.355Z [info]: Opened login page
2025-06-26T19:49:45.506Z [info]: Entered username: testuser
2025-06-26T19:49:45.543Z [info]: Entered username: testuser
2025-06-26T19:49:45.695Z [info]: Entered password
2025-06-26T19:49:45.698Z [info]: Entered password
2025-06-26T19:49:45.757Z [info]: Cleared password field
2025-06-26T19:49:45.759Z [info]: Cleared password field
2025-06-26T19:49:45.977Z [info]: Clicked login button
2025-06-26T19:49:45.998Z [info]: Clicked login button
2025-06-26T19:49:46.058Z [info]: Error message: Epic sadface: Username and password do not match any user in this service
2025-06-26T19:49:46.086Z [info]: Error message: Epic sadface: Username and password do not match any user in this service
2025-06-26T19:49:46.148Z [info]: Opened login page
2025-06-26T19:49:46.181Z [info]: Opened login page
2025-06-26T19:49:46.321Z [info]: Entered username: standard_user
2025-06-26T19:49:46.354Z [info]: Entered username: standard_user
2025-06-26T19:49:46.466Z [info]: Entered password
2025-06-26T19:49:46.563Z [info]: Entered password
2025-06-26T19:49:46.637Z [info]: Clicked login button
2025-06-26T19:49:46.637Z [info]: Login attempt with username: standard_user
2025-06-26T19:49:46.801Z [info]: Clicked login button
2025-06-26T19:49:46.801Z [info]: Login attempt with username: standard_user
2025-06-26T19:49:47.220Z [info]: User has been logged out.
2025-06-26T19:49:47.308Z [info]: Opened login page
2025-06-26T19:49:47.368Z [info]: User has been logged out.
2025-06-26T19:49:47.435Z [info]: Opened login page
2025-06-26T19:49:47.493Z [info]: Entered username: problem_user
2025-06-26T19:49:47.577Z [info]: Entered username: problem_user
2025-06-26T19:49:47.620Z [info]: Entered password
2025-06-26T19:49:47.716Z [info]: Entered password
2025-06-26T19:49:47.736Z [info]: Clicked login button
2025-06-26T19:49:47.736Z [info]: Login attempt with username: problem_user
2025-06-26T19:49:47.847Z [info]: Clicked login button
2025-06-26T19:49:47.847Z [info]: Login attempt with username: problem_user
2025-06-26T19:49:48.182Z [info]: User has been logged out.
2025-06-26T19:49:48.266Z [info]: User has been logged out.
2025-06-26T19:49:48.326Z [info]: Opened login page
2025-06-26T19:49:48.391Z [info]: Opened login page
2025-06-26T19:49:48.467Z [info]: Entered username: performance_glitch_user
2025-06-26T19:49:48.541Z [info]: Entered username: performance_glitch_user
2025-06-26T19:49:48.585Z [info]: Entered password
2025-06-26T19:49:48.652Z [info]: Entered password
2025-06-26T19:49:48.662Z [info]: Clicked login button
2025-06-26T19:49:48.663Z [info]: Login attempt with username: performance_glitch_user
2025-06-26T19:49:53.734Z [info]: Clicked login button
2025-06-26T19:49:53.734Z [info]: Login attempt with username: performance_glitch_user
2025-06-26T19:49:54.347Z [info]: User has been logged out.
2025-06-26T19:50:03.824Z [error]: CRITICAL: Logout failed after a successful login test: element ("#react-burger-menu-btn") still not clickable after 5000ms
2025-06-26T19:57:51.196Z [info]: Opened login page
2025-06-26T19:57:51.781Z [info]: Opened login page
2025-06-26T19:57:54.288Z [info]: Entered username: testuser
2025-06-26T19:57:54.484Z [info]: Entered password
2025-06-26T19:57:54.547Z [info]: Entered username: testuser
2025-06-26T19:57:54.552Z [info]: Cleared username field
2025-06-26T19:57:54.610Z [info]: Cleared password field
2025-06-26T19:57:54.611Z [info]: Cleared both input fields
2025-06-26T19:57:54.729Z [info]: Entered password
2025-06-26T19:57:54.772Z [info]: Clicked login button
2025-06-26T19:57:54.825Z [info]: Cleared username field
2025-06-26T19:57:54.883Z [info]: Error message: Epic sadface: Username and password do not match any user in this service
2025-06-26T19:57:54.958Z [info]: Cleared password field
2025-06-26T19:57:54.958Z [info]: Cleared both input fields
2025-06-26T19:57:55.025Z [info]: Opened login page
2025-06-26T19:57:55.201Z [info]: Clicked login button
2025-06-26T19:57:55.206Z [info]: Entered username: testuser
2025-06-26T19:57:55.314Z [info]: Error message: Epic sadface: Username and password do not match any user in this service
2025-06-26T19:57:55.451Z [info]: Opened login page
2025-06-26T19:57:55.454Z [info]: Entered password
2025-06-26T19:57:55.513Z [info]: Cleared password field
2025-06-26T19:57:55.611Z [info]: Entered username: testuser
2025-06-26T19:57:55.621Z [info]: Clicked login button
2025-06-26T19:57:55.704Z [info]: Error message: Epic sadface: Username and password do not match any user in this service
2025-06-26T19:57:55.822Z [info]: Opened login page
2025-06-26T19:57:55.953Z [info]: Entered password
2025-06-26T19:57:56.010Z [info]: Entered username: standard_user
2025-06-26T19:57:56.052Z [info]: Cleared password field
2025-06-26T19:57:56.156Z [info]: Entered password
2025-06-26T19:57:56.189Z [info]: Clicked login button
2025-06-26T19:57:56.269Z [info]: Error message: Epic sadface: Username and password do not match any user in this service
2025-06-26T19:57:56.366Z [info]: Opened login page
2025-06-26T19:57:56.370Z [info]: Clicked login button
2025-06-26T19:57:56.371Z [info]: Login attempt with username: standard_user
2025-06-26T19:57:56.535Z [info]: Entered username: standard_user
2025-06-26T19:57:56.663Z [info]: Entered password
2025-06-26T19:57:56.828Z [info]: Clicked login button
2025-06-26T19:57:56.828Z [info]: Login attempt with username: standard_user
2025-06-26T19:57:58.495Z [info]: User has been logged out.
2025-06-26T19:57:58.587Z [info]: Opened login page
2025-06-26T19:57:58.720Z [info]: Entered username: problem_user
2025-06-26T19:57:58.831Z [info]: Entered password
2025-06-26T19:57:58.915Z [info]: Clicked login button
2025-06-26T19:57:58.916Z [info]: Login attempt with username: problem_user
2025-06-26T19:58:00.936Z [info]: User has been logged out.
2025-06-26T19:58:01.029Z [info]: Opened login page
2025-06-26T19:58:01.286Z [info]: Entered username: performance_glitch_user
2025-06-26T19:58:01.461Z [info]: Entered password
2025-06-26T19:58:03.756Z [error]: CRITICAL: Logout failed after a successful login test: element ("#logout_sidebar_link") still not clickable after 5000ms
2025-06-26T19:58:06.578Z [info]: Clicked login button
2025-06-26T19:58:06.579Z [info]: Login attempt with username: performance_glitch_user
2025-06-26T19:58:08.681Z [info]: User has been logged out.
2025-06-26T20:00:50.911Z [info]: Opened login page
2025-06-26T20:00:51.172Z [info]: Entered username: 
2025-06-26T20:00:51.353Z [info]: Entered password
2025-06-26T20:00:51.507Z [info]: Clicked login button
2025-06-26T20:00:51.507Z [info]: Login attempt with username: 
2025-06-26T20:00:51.547Z [info]: Opened login page
2025-06-26T20:00:51.640Z [info]: Error message: Epic sadface: Username is required
2025-06-26T20:00:51.770Z [info]: Entered username: 
2025-06-26T20:00:51.985Z [info]: Entered password
2025-06-26T20:00:52.127Z [info]: Clicked login button
2025-06-26T20:00:52.127Z [info]: Login attempt with username: 
2025-06-26T20:00:52.253Z [info]: Error message: Epic sadface: Username is required
2025-06-26T20:00:55.001Z [info]: Opened login page
2025-06-26T20:00:55.187Z [info]: Entered username: standard_user
2025-06-26T20:00:55.414Z [info]: Entered password
2025-06-26T20:00:55.547Z [info]: Opened login page
2025-06-26T20:00:55.623Z [info]: Clicked login button
2025-06-26T20:00:55.623Z [info]: Login attempt with username: standard_user
2025-06-26T20:00:55.812Z [info]: Entered username: standard_user
2025-06-26T20:00:55.966Z [info]: Entered password
2025-06-26T20:00:56.151Z [info]: Clicked login button
2025-06-26T20:00:56.152Z [info]: Login attempt with username: standard_user
2025-06-26T20:01:00.089Z [info]: Opened login page
2025-06-26T20:01:00.740Z [info]: Opened login page
2025-06-26T20:01:00.936Z [info]: Entered username: standard_user
2025-06-26T20:01:01.090Z [info]: Entered username: standard_user
2025-06-26T20:01:01.292Z [info]: Entered password
2025-06-26T20:01:01.411Z [info]: Entered password
2025-06-26T20:01:01.636Z [info]: Clicked login button
2025-06-26T20:01:01.636Z [info]: Login attempt with username: standard_user
2025-06-26T20:01:01.785Z [info]: Clicked login button
2025-06-26T20:01:01.786Z [info]: Login attempt with username: standard_user
2025-06-26T20:01:02.904Z [info]: User has been logged out.
2025-06-26T20:01:06.614Z [info]: Opened login page
2025-06-26T20:01:07.038Z [info]: Entered username: problem_user
2025-06-26T20:01:07.462Z [info]: Entered password
2025-06-26T20:01:08.090Z [info]: Clicked login button
2025-06-26T20:01:08.090Z [info]: Login attempt with username: problem_user
2025-06-26T20:04:05.710Z [info]: Opened login page
2025-06-26T20:04:05.880Z [info]: Opened login page
2025-06-26T20:04:05.976Z [info]: Entered username: 
2025-06-26T20:04:06.117Z [info]: Entered username: 
2025-06-26T20:04:06.278Z [info]: Entered password
2025-06-26T20:04:06.331Z [info]: Entered password
2025-06-26T20:04:06.452Z [info]: Clicked login button
2025-06-26T20:04:06.453Z [info]: Login attempt with username: 
2025-06-26T20:04:06.715Z [info]: Clicked login button
2025-06-26T20:04:06.716Z [info]: Login attempt with username: 
2025-06-26T20:04:11.262Z [info]: Opened login page
2025-06-26T20:04:11.734Z [info]: Opened login page
2025-06-26T20:04:12.312Z [info]: Entered username: standard_user
2025-06-26T20:04:12.356Z [info]: Entered username: standard_user
2025-06-26T20:04:12.516Z [info]: Entered password
2025-06-26T20:04:12.698Z [info]: Entered password
2025-06-26T20:04:12.759Z [info]: Clicked login button
2025-06-26T20:04:12.760Z [info]: Login attempt with username: standard_user
2025-06-26T20:04:13.150Z [info]: Clicked login button
2025-06-26T20:04:13.151Z [info]: Login attempt with username: standard_user
2025-06-26T20:04:16.490Z [info]: Opened login page
2025-06-26T20:04:17.210Z [info]: Opened login page
2025-06-26T20:04:17.654Z [info]: Entered username: standard_user
2025-06-26T20:04:17.879Z [info]: Entered username: standard_user
2025-06-26T20:04:17.959Z [info]: Entered password
2025-06-26T20:04:18.308Z [info]: Entered password
2025-06-26T20:04:18.470Z [info]: Clicked login button
2025-06-26T20:04:18.470Z [info]: Login attempt with username: standard_user
2025-06-26T20:04:18.742Z [info]: Clicked login button
2025-06-26T20:04:18.742Z [info]: Login attempt with username: standard_user
2025-06-26T20:04:22.359Z [info]: Opened login page
2025-06-26T20:04:23.354Z [info]: Entered username: problem_user
2025-06-26T20:04:23.840Z [info]: Entered password
2025-06-26T20:04:24.192Z [info]: Clicked login button
2025-06-26T20:04:24.192Z [info]: Login attempt with username: problem_user
2025-06-26T20:04:24.295Z [info]: Opened login page
2025-06-26T20:04:24.646Z [info]: Entered username: problem_user
2025-06-26T20:04:25.064Z [info]: Entered password
2025-06-26T20:04:25.486Z [info]: Clicked login button
2025-06-26T20:04:25.486Z [info]: Login attempt with username: problem_user
2025-06-26T20:04:28.595Z [info]: Opened login page
2025-06-26T20:04:29.607Z [info]: Entered username: performance_glitch_user
2025-06-26T20:04:29.834Z [info]: Entered password
2025-06-26T20:04:30.353Z [info]: Opened login page
2025-06-26T20:04:30.661Z [info]: Entered username: performance_glitch_user
2025-06-26T20:04:30.925Z [info]: Entered password
2025-06-26T20:04:35.096Z [info]: Clicked login button
2025-06-26T20:04:35.096Z [info]: Login attempt with username: performance_glitch_user
2025-06-26T20:04:36.179Z [info]: Clicked login button
2025-06-26T20:04:36.179Z [info]: Login attempt with username: performance_glitch_user
2025-06-26T20:35:51.806Z [info]: Opened login page
2025-06-26T20:35:51.946Z [info]: Entered username: 
2025-06-26T20:35:52.108Z [info]: Entered password
2025-06-26T20:35:52.202Z [info]: Clicked login button
2025-06-26T20:35:52.203Z [info]: Login attempt with username: 
2025-06-26T20:35:52.286Z [info]: Opened login page
2025-06-26T20:35:52.475Z [info]: Entered username: 
2025-06-26T20:35:52.576Z [info]: Entered password
2025-06-26T20:35:52.706Z [info]: Clicked login button
2025-06-26T20:35:52.707Z [info]: Login attempt with username: 
2025-06-26T20:36:07.571Z [info]: Opened login page
2025-06-26T20:36:07.728Z [info]: Entered username: standard_user
2025-06-26T20:36:07.803Z [info]: Entered password
2025-06-26T20:36:07.882Z [info]: Clicked login button
2025-06-26T20:36:07.883Z [info]: Login attempt with username: standard_user
2025-06-26T20:36:09.743Z [info]: Opened login page
2025-06-26T20:36:09.883Z [info]: Entered username: standard_user
2025-06-26T20:36:09.970Z [info]: Entered password
2025-06-26T20:36:10.095Z [info]: Clicked login button
2025-06-26T20:36:10.095Z [info]: Login attempt with username: standard_user
2025-06-26T20:36:26.299Z [info]: Opened login page
2025-06-26T20:36:26.437Z [info]: Entered username: standard_user
2025-06-26T20:36:26.532Z [info]: Entered password
2025-06-26T20:36:26.643Z [info]: Clicked login button
2025-06-26T20:36:26.643Z [info]: Login attempt with username: standard_user
2025-06-26T20:36:29.635Z [info]: Opened login page
2025-06-26T20:36:29.789Z [info]: Entered username: standard_user
2025-06-26T20:36:29.946Z [info]: Entered password
2025-06-26T20:36:30.093Z [info]: Clicked login button
2025-06-26T20:36:30.093Z [info]: Login attempt with username: standard_user
2025-06-26T20:36:37.666Z [info]: Opened login page
2025-06-26T20:36:37.823Z [info]: Entered username: problem_user
2025-06-26T20:36:37.918Z [info]: Entered password
2025-06-26T20:36:38.086Z [info]: Clicked login button
2025-06-26T20:36:38.086Z [info]: Login attempt with username: problem_user
2025-06-26T20:36:40.783Z [info]: Opened login page
2025-06-26T20:36:40.917Z [info]: Entered username: problem_user
2025-06-26T20:36:41.029Z [info]: Entered password
2025-06-26T20:36:41.169Z [info]: Clicked login button
2025-06-26T20:36:41.169Z [info]: Login attempt with username: problem_user
2025-06-26T20:36:47.050Z [info]: Opened login page
2025-06-26T20:36:47.232Z [info]: Entered username: performance_glitch_user
2025-06-26T20:36:47.339Z [info]: Entered password
2025-06-26T20:36:49.613Z [info]: Opened login page
2025-06-26T20:36:49.779Z [info]: Entered username: performance_glitch_user
2025-06-26T20:36:49.885Z [info]: Entered password
2025-06-26T20:36:52.487Z [info]: Clicked login button
2025-06-26T20:36:52.488Z [info]: Login attempt with username: performance_glitch_user
2025-06-26T20:36:55.032Z [info]: Clicked login button
2025-06-26T20:36:55.032Z [info]: Login attempt with username: performance_glitch_user
2025-06-26T20:38:05.423Z [info]: Opened login page
2025-06-26T20:38:05.807Z [info]: Opened login page
2025-06-26T20:38:06.410Z [info]: Entered username: 
2025-06-26T20:38:06.654Z [info]: Entered password
2025-06-26T20:38:06.670Z [info]: Entered username: 
2025-06-26T20:38:06.905Z [info]: Clicked login button
2025-06-26T20:38:06.905Z [info]: Login attempt with username: 
2025-06-26T20:38:06.954Z [info]: Entered password
2025-06-26T20:38:07.272Z [info]: Clicked login button
2025-06-26T20:38:07.272Z [info]: Login attempt with username: 
2025-06-26T20:38:11.849Z [info]: Opened login page
2025-06-26T20:38:11.920Z [info]: Opened login page
2025-06-26T20:38:12.240Z [info]: Entered username: standard_user
2025-06-26T20:38:12.415Z [info]: Entered password
2025-06-26T20:38:12.464Z [info]: Entered username: standard_user
2025-06-26T20:38:12.667Z [info]: Clicked login button
2025-06-26T20:38:12.668Z [info]: Login attempt with username: standard_user
2025-06-26T20:38:12.898Z [info]: Entered password
2025-06-26T20:38:13.081Z [info]: Clicked login button
2025-06-26T20:38:13.082Z [info]: Login attempt with username: standard_user
2025-06-26T20:38:17.560Z [info]: Opened login page
2025-06-26T20:38:17.926Z [info]: Opened login page
2025-06-26T20:38:18.129Z [info]: Entered username: standard_user
2025-06-26T20:38:18.783Z [info]: Entered username: standard_user
2025-06-26T20:38:18.791Z [info]: Entered password
2025-06-26T20:38:19.107Z [info]: Entered password
2025-06-26T20:38:19.235Z [info]: Clicked login button
2025-06-26T20:38:19.235Z [info]: Login attempt with username: standard_user
2025-06-26T20:38:19.541Z [info]: Clicked login button
2025-06-26T20:38:19.542Z [info]: Login attempt with username: standard_user
2025-06-26T20:38:24.268Z [info]: Opened login page
2025-06-26T20:38:24.489Z [info]: Opened login page
2025-06-26T20:38:24.934Z [info]: Entered username: problem_user
2025-06-26T20:38:24.953Z [info]: Entered username: problem_user
2025-06-26T20:38:25.345Z [info]: Entered password
2025-06-26T20:38:25.472Z [info]: Entered password
2025-06-26T20:38:25.742Z [info]: Clicked login button
2025-06-26T20:38:25.743Z [info]: Login attempt with username: problem_user
2025-06-26T20:38:25.865Z [info]: Clicked login button
2025-06-26T20:38:25.865Z [info]: Login attempt with username: problem_user
2025-06-26T20:38:30.309Z [info]: Opened login page
2025-06-26T20:38:30.528Z [info]: Opened login page
2025-06-26T20:38:30.528Z [info]: Entered username: performance_glitch_user
2025-06-26T20:38:30.832Z [info]: Entered password
2025-06-26T20:38:30.963Z [info]: Entered username: performance_glitch_user
2025-06-26T20:38:31.227Z [info]: Entered password
2025-06-26T20:38:36.114Z [info]: Clicked login button
2025-06-26T20:38:36.114Z [info]: Login attempt with username: performance_glitch_user
2025-06-26T20:38:36.573Z [info]: Clicked login button
2025-06-26T20:38:36.573Z [info]: Login attempt with username: performance_glitch_user
